// Vitest Snapshot v1, https://vitest.dev/guide/snapshot.html

exports[`Test de Board > Test de Board 1`] = `
<div>
  <article
    class="board"
  >
    <div
      class="board__row"
    >
      <div
        class="box"
      />
      <div
        class="box"
      />
      <div
        class="box"
      />
      <div
        class="box"
      />
      <div
        class="box"
      />
      <div
        class="box"
      />
      <div
        class="box"
      />
    </div>
    <div
      class="board__row"
    >
      <div
        class="box"
      />
      <div
        class="box"
      />
      <div
        class="box"
      />
      <div
        class="box"
      />
      <div
        class="box"
      />
      <div
        class="box"
      />
      <div
        class="box"
      />
    </div>
    <div
      class="board__row"
    >
      <div
        class="box"
      />
      <div
        class="box"
      />
      <div
        class="box"
      />
      <div
        class="box"
      />
      <div
        class="box"
      />
      <div
        class="box"
      />
      <div
        class="box"
      />
    </div>
    <div
      class="board__row"
    >
      <div
        class="box"
      />
      <div
        class="box"
      />
      <div
        class="box"
      />
      <div
        class="box"
      />
      <div
        class="box"
      />
      <div
        class="box"
      />
      <div
        class="box"
      />
    </div>
    <div
      class="board__row"
    >
      <div
        class="box"
      />
      <div
        class="box"
      />
      <div
        class="box"
      />
      <div
        class="box"
      />
      <div
        class="box"
      />
      <div
        class="box"
      />
      <div
        class="box"
      />
    </div>
    <div
      class="board__row"
    >
      <div
        class="box"
      />
      <div
        class="box"
      />
      <div
        class="box"
      />
      <div
        class="box"
      />
      <div
        class="box"
      />
      <div
        class="box"
      />
      <div
        class="box"
      />
    </div>
  </article>
</div>
`;

exports[`Test de Board > Test snapshot del Board 1`] = `[Function]`;
